SH SERIES C/C++ Compiler (Ver. 6.0C)                                                                 02-Mar-2011 20:13:37  PAGE    1

************ OBJECT LISTING ************

FILE NAME: Z:\Users\thomas\Projekte\fxSDK\Bob\Bob.c

SCT OFFSET   CODE       C LABEL     INSTRUCTION OPERAND    COMMENT

           Bob.c     1    /*
           Bob.c     2     * Bob.c
           Bob.c     3     * by xythobuz
           Bob.c     4     * visit: www.xythobuz.org
           Bob.c     5     */
           Bob.c     6    #include "fxlib.h"
           Bob.c     7    #include "timer.h"
           Bob.c     8    #include "keybios.h"
           Bob.c     9    
           Bob.c    10    /*
           Bob.c    11     * AddIn_main()
           Bob.c    12     * Parameters are ignored!
           Bob.c    13     * Returns 1 if no error, 0 if error.
           Bob.c    14     */
           Bob.c    15    int AddIn_main(int isAppli, unsigned short OptionNum) {
P   00000000              _AddIn_main:                     ; function: AddIn_main
                                                           ; frame size=4
    00000000 D813                   MOV.L       L321+2,R8  ; _Bdisp_PutDisp_DD
    00000002 7FFC                   ADD         #-4,R15
    00000004 D913                   MOV.L       L321+6,R9  ; L305
    00000006 DA14                   MOV.L       L321+10,R10; L304
    00000008 DB14                   MOV.L       L321+14,R11; _Bdisp_AllClr_DDVRAM
    0000000A 9C20                   MOV.W       L321,R12   ; H'7539
    0000000C DD14                   MOV.L       L321+18,R13; _locate
    0000000E DE15                   MOV.L       L321+22,R14; _Print
           Bob.c    16            
           Bob.c    17            unsigned int key;
           Bob.c    18            
           Bob.c    19            while(1) {
    00000010              L317:                             
           Bob.c    20                    Bdisp_AllClr_DDVRAM();
    00000010 4B0B                   JSR         @R11
    00000012 0009                   NOP
           Bob.c    21                    locate(6, 3);
    00000014 E503                   MOV         #3,R5
    00000016 4D0B                   JSR         @R13
    00000018 E406                   MOV         #6,R4
           Bob.c    22                    Print((unsigned char*)"Super-Mario");
    0000001A D413                   MOV.L       L321+26,R4 ; L303
    0000001C 4E0B                   JSR         @R14
    0000001E 0009                   NOP
           Bob.c    23                    locate(9, 4);
    00000020 E504                   MOV         #4,R5
    00000022 4D0B                   JSR         @R13
    00000024 E409                   MOV         #9,R4
           Bob.c    24                    Print((unsigned char*)"Clone");
    00000026 4E0B                   JSR         @R14
    00000028 64A3                   MOV         R10,R4
           Bob.c    25                    locate(6, 6);
    0000002A E506                   MOV         #6,R5
    0000002C 4D0B                   JSR         @R13
    0000002E 6453                   MOV         R5,R4
           Bob.c    26                    Print((unsigned char*)"by xythobuz");
    00000030 4E0B                   JSR         @R14




SH SERIES C/C++ Compiler (Ver. 6.0C)                                                                 02-Mar-2011 20:13:37  PAGE    2


SCT OFFSET   CODE       C LABEL     INSTRUCTION OPERAND    COMMENT

    00000032 6493                   MOV         R9,R4
           Bob.c    27                    // locate(1, 8);
           Bob.c    28                    // Print((unsigned char*)"F1:New Game F2:Passw.");
           Bob.c    29                    Bdisp_PutDisp_DD();
    00000034 480B                   JSR         @R8
    00000036 0009                   NOP
           Bob.c    30                    GetKey(&key);
    00000038 D20C                   MOV.L       L321+30,R2 ; _GetKey
    0000003A 420B                   JSR         @R2
    0000003C 64F3                   MOV         R15,R4
           Bob.c    31                    if (key == KEY_CTRL_F1) {
    0000003E 63F2                   MOV.L       @R15,R3
    00000040 33C0                   CMP/EQ      R12,R3
    00000042 8BE5                   BF          L317
           Bob.c    32                            PlayLevel1();
    00000044 D10A                   MOV.L       L321+34,R1 ; _PlayLevel1
    00000046 410B                   JSR         @R1
    00000048 0009                   NOP
    0000004A AFE1                   BRA         L317
    0000004C 0009                   NOP
    0000004E              L321:                             
    0000004E 7539                   .DATA.W     H'7539
    00000050 <00000000>             .DATA.L     _Bdisp_PutDisp_DD
    00000054 <00000000>             .DATA.L     L305
    00000058 <00000000>             .DATA.L     L304
    0000005C <00000000>             .DATA.L     _Bdisp_AllClr_DDVRAM
    00000060 <00000000>             .DATA.L     _locate
    00000064 <00000000>             .DATA.L     _Print
    00000068 <00000000>             .DATA.L     L303
    0000006C <00000000>             .DATA.L     _GetKey
    00000070 <00000000>             .DATA.L     _PlayLevel1
           Bob.c    33                    }
           Bob.c    34            }
           Bob.c    35            return 1;
           Bob.c    36    }
           Bob.c    37    
           Bob.c    38    // Casio's initialization code:
           Bob.c    39    #pragma section _BR_Size
           Bob.c    40    unsigned long BR_Size;
           Bob.c    41    #pragma section
           Bob.c    42    #pragma section _TOP
           Bob.c    43    int InitializeSystem(int isAppli, unsigned short OptionNum) {
P_T 00000000              _InitializeSystem:               ; function: InitializeSystem
                                                           ; frame size=0
           Bob.c    44            return INIT_ADDIN_APPLICATION(isAppli, OptionNum);
    00000000 D301                   MOV.L       L322+2,R3  ; _INIT_ADDIN_APPLICATION
    00000002 432B                   JMP         @R3
    00000004 0009                   NOP
    00000006              L322:                             
    00000006 0000                   .DATA.W     0
    00000008 <00000000>             .DATA.L     _INIT_ADDIN_APPLICATION
           Bob.c    45    }
           Bob.c    46    #pragma section
C   00000000              L303:
    00000000 5375706572             .SDATA      "Super-Mario"
             2D4D617269   
             6F           




SH SERIES C/C++ Compiler (Ver. 6.0C)                                                                 02-Mar-2011 20:13:37  PAGE    3


SCT OFFSET   CODE       C LABEL     INSTRUCTION OPERAND    COMMENT

    0000000B 00                     .DATA.B     H'00
    0000000C              L304:
    0000000C 436C6F6E65             .SDATA      "Clone"
    00000011 00                     .DATA.B     H'00
    00000012 00000002               .RES.W      1
    00000014              L305:
    00000014 6279207879             .SDATA      "by xythobuz"
             74686F6275   
             7A           
    0000001F 00                     .DATA.B     H'00
B_B 00000000              _BR_Size:                        ; static: BR_Size
    00000000 00000004               .RES.L      1

















































SH SERIES C/C++ Compiler (Ver. 6.0C)                                                                 02-Mar-2011 20:13:37  PAGE    1


******** STATISTICS INFORMATION ********


********** ERROR INFORMATION ***********

NUMBER OF ERRORS:           0
NUMBER OF WARNINGS:         0




******* SOURCE LINE INFORMATION ********

COMPILED SOURCE LINE:       46



******* SECTION SIZE INFORMATION *******

PROGRAM  SECTION (P):                               00000074 Byte(s)
PROGRAM  SECTION (P_BR_Size):                       00000000 Byte(s)
PROGRAM  SECTION (P_TOP):                           0000000C Byte(s)
CONSTANT SECTION (C):                               00000020 Byte(s)
CONSTANT SECTION (C_BR_Size):                       00000000 Byte(s)
CONSTANT SECTION (C_TOP):                           00000000 Byte(s)
DATA     SECTION (D):                               00000000 Byte(s)
DATA     SECTION (D_BR_Size):                       00000000 Byte(s)
DATA     SECTION (D_TOP):                           00000000 Byte(s)
BSS      SECTION (B):                               00000000 Byte(s)
BSS      SECTION (B_BR_Size):                       00000004 Byte(s)
BSS      SECTION (B_TOP):                           00000000 Byte(s)

 TOTAL PROGRAM SIZE: 000000A4 Byte(s)



********** LABEL INFORMATION ***********

NUMBER OF EXTERNAL REFERENCE SYMBOLS:            7
NUMBER OF EXTERNAL DEFINITION SYMBOLS:           3
NUMBER OF INTERNAL/EXTERNAL SYMBOLS:            16






















*** COMMAND PARAMETER ***


  -subcommand=C:\users\thomas\Temp\hmk4f2c.tmp 

