SH SERIES C/C++ Compiler (Ver. 6.0C)                                                                 18-Feb-2011 21:51:56  PAGE    1

************ OBJECT LISTING ************

FILE NAME: Z:\Users\thomas\Projekte\fxSDK\Bob\button.c

SCT OFFSET   CODE       C LABEL     INSTRUCTION OPERAND    COMMENT

        button.c     1    /*
        button.c     2     * button.c
        button.c     3     * by xythobuz
        button.c     4     */
        button.c     5    #include "fxlib.h"
        button.c     6    #include "button.h"
        button.c     7    #include "keybios.h"
        button.c     8    
        button.c     9    char getButtons() {
P   00000000              _getButtons:                     ; function: getButtons
                                                           ; frame size=12
    00000000 2FE6                   MOV.L       R14,@-R15
        button.c    10            // Casio has broken shit... We do something about it...
        button.c    11            unsigned int c;
        button.c    12            GetKeyWait(KEYWAIT_HALTOFF_TIMEROFF, 0, 1, &c);
    00000002 E601                   MOV         #1,R6
    00000004 D321                   MOV.L       L311+10,R3 ; _GetKeyWait
    00000006 E500                   MOV         #0,R5
    00000008 4F22                   STS.L       PR,@-R15
    0000000A 7FFC                   ADD         #-4,R15
    0000000C 67F3                   MOV         R15,R7
    0000000E 430B                   JSR         @R3
    00000010 6463                   MOV         R6,R4
        button.c    13            if (IsKeyDown(KEY_CTRL_UP)) {
    00000012 DE1F                   MOV.L       L311+14,R14; _IsKeyDown
    00000014 9435                   MOV.W       L311,R4    ; H'7542
    00000016 4E0B                   JSR         @R14
    00000018 0009                   NOP
    0000001A 2008                   TST         R0,R0
    0000001C 8904                   BT          L305
        button.c    14                    return 1;
    0000001E E001                   MOV         #1,R0
    00000020 7F04                   ADD         #4,R15
    00000022 4F26                   LDS.L       @R15+,PR
    00000024 000B                   RTS
    00000026 6EF6                   MOV.L       @R15+,R14
    00000028              L305:                             
        button.c    15            }
        button.c    16            if (IsKeyDown(KEY_CTRL_RIGHT)) {
    00000028 942C                   MOV.W       L311+2,R4  ; H'7545
    0000002A 4E0B                   JSR         @R14
    0000002C 0009                   NOP
    0000002E 2008                   TST         R0,R0
    00000030 8904                   BT          L307
        button.c    17                    return 2;
    00000032 E002                   MOV         #2,R0
    00000034 7F04                   ADD         #4,R15
    00000036 4F26                   LDS.L       @R15+,PR
    00000038 000B                   RTS
    0000003A 6EF6                   MOV.L       @R15+,R14
    0000003C              L307:                             
        button.c    18            }
        button.c    19            if (IsKeyDown(KEY_CTRL_LEFT)) {
    0000003C 9423                   MOV.W       L311+4,R4  ; H'7544




SH SERIES C/C++ Compiler (Ver. 6.0C)                                                                 18-Feb-2011 21:51:56  PAGE    2


SCT OFFSET   CODE       C LABEL     INSTRUCTION OPERAND    COMMENT

    0000003E 4E0B                   JSR         @R14
    00000040 0009                   NOP
    00000042 2008                   TST         R0,R0
    00000044 8904                   BT          L308
        button.c    20                    return 3;
    00000046 E003                   MOV         #3,R0
    00000048 7F04                   ADD         #4,R15
    0000004A 4F26                   LDS.L       @R15+,PR
    0000004C 000B                   RTS
    0000004E 6EF6                   MOV.L       @R15+,R14
    00000050              L308:                             
        button.c    21            }
        button.c    22            if (IsKeyDown(KEY_CTRL_DOWN)) {
    00000050 941A                   MOV.W       L311+6,R4  ; H'7547
    00000052 4E0B                   JSR         @R14
    00000054 0009                   NOP
    00000056 2008                   TST         R0,R0
    00000058 8904                   BT          L309
        button.c    23                    return 4;
    0000005A E004                   MOV         #4,R0
    0000005C 7F04                   ADD         #4,R15
    0000005E 4F26                   LDS.L       @R15+,PR
    00000060 000B                   RTS
    00000062 6EF6                   MOV.L       @R15+,R14
    00000064              L309:                             
        button.c    24            }
        button.c    25            if (IsKeyDown(KEY_CTRL_EXIT)) {
    00000064 9411                   MOV.W       L311+8,R4  ; H'7532
    00000066 4E0B                   JSR         @R14
    00000068 0009                   NOP
    0000006A 2008                   TST         R0,R0
    0000006C 8904                   BT          L310
        button.c    26                    return -1;
    0000006E E0FF                   MOV         #-1,R0
    00000070 7F04                   ADD         #4,R15
    00000072 4F26                   LDS.L       @R15+,PR
    00000074 000B                   RTS
    00000076 6EF6                   MOV.L       @R15+,R14
    00000078              L310:                             
        button.c    27            }
        button.c    28            return 0;
    00000078 E000                   MOV         #0,R0
        button.c    29    }
    0000007A              L306:                             
    0000007A 7F04                   ADD         #4,R15
    0000007C 4F26                   LDS.L       @R15+,PR
    0000007E 000B                   RTS
    00000080 6EF6                   MOV.L       @R15+,R14
    00000082              L311:                             
    00000082 7542                   .DATA.W     H'7542
    00000084 7545                   .DATA.W     H'7545
    00000086 7544                   .DATA.W     H'7544
    00000088 7547                   .DATA.W     H'7547
    0000008A 7532                   .DATA.W     H'7532
    0000008C <00000000>             .DATA.L     _GetKeyWait
    00000090 <00000000>             .DATA.L     _IsKeyDown





SH SERIES C/C++ Compiler (Ver. 6.0C)                                                                 18-Feb-2011 21:51:56  PAGE    1


******** STATISTICS INFORMATION ********


********** ERROR INFORMATION ***********

NUMBER OF ERRORS:           0
NUMBER OF WARNINGS:         0




******* SOURCE LINE INFORMATION ********

COMPILED SOURCE LINE:       29



******* SECTION SIZE INFORMATION *******

PROGRAM  SECTION (P):                               00000094 Byte(s)
CONSTANT SECTION (C):                               00000000 Byte(s)
DATA     SECTION (D):                               00000000 Byte(s)
BSS      SECTION (B):                               00000000 Byte(s)

 TOTAL PROGRAM SIZE: 00000094 Byte(s)



********** LABEL INFORMATION ***********

NUMBER OF EXTERNAL REFERENCE SYMBOLS:            2
NUMBER OF EXTERNAL DEFINITION SYMBOLS:           1
NUMBER OF INTERNAL/EXTERNAL SYMBOLS:            10






























*** COMMAND PARAMETER ***


  -subcommand=C:\users\thomas\Temp\hmkf735.tmp 

